
> thecultureroots@0.1.0 build
> next build

Ôû▓ Next.js 16.2.1 (Turbopack)

  Creating an optimized production build ...
Ô£ô Compiled successfully in 5.7s
  Running TypeScript ...
  Finished TypeScript in 10.4s ...
  Collecting page data using 5 workers ...
  Generating static pages using 5 workers (0/4) ...
node.exe : Error occurred 
prerendering page "/". Read more: h
ttps://nextjs.org/docs/messages/pre
render-error
At C:\nvm4w\nodejs\npm.ps1:16 
char:5
+     & "$basedir/node$exe"  "$base
dir/node_modules/npm/bin/npm-cli.js
" ...
+     ~~~~~~~~~~~~~~~~~~~~~~~~~~~~~
~~~~~~~~~~~~~~~~~~~~~~~~~~~~~~~~~~~
~
    + CategoryInfo          : NotS 
   pecified: (Error occurred ...p  
  rerender-error:String) [], Rem   
 oteException
    + FullyQualifiedErrorId : Nati 
   veCommandError
 
ReferenceError: window is not 
defined
    at <unknown> (D:\thecultureroot
s\.next\server\chunks\ssr\_09hz26x.
_.js:11:27518)
    at Array.map (<anonymous>)
    at <unknown> (D:\thecultureroot
s\.next\server\chunks\ssr\_09hz26x.
_.js:11:27285) {
  digest: '233285312'
}
Export encountered an error on 
/page: /, exiting the build.
Ô¿» Next.js build worker exited 
with code: 1 and signal: null
